{
  "name": "azure-arm_stand_alone",
  "version": "0.1.0",
  "type": "module",
  "peerDependencies": {
    "@typespec/compiler": "latest",
    "@azure-tools/typespec-autorest": "latest",
    "@azure-tools/typespec-azure-core": "latest",
    "@azure-tools/typespec-azure-resource-manager": "latest",
    "@azure-tools/typespec-providerhub": "latest",
    "@azure-tools/typespec-azure-rulesets": "latest",
    "@typespec/http": "latest",
    "@typespec/openapi": "latest",
    "@typespec/rest": "latest",
    "@typespec/versioning": "latest"
  },
  "devDependencies": {
    "@typespec/compiler": "latest",
    "@azure-tools/typespec-autorest": "latest",
    "@azure-tools/typespec-azure-core": "latest",
    "@azure-tools/typespec-azure-resource-manager": "latest",
    "@azure-tools/typespec-providerhub": "latest",
    "@azure-tools/typespec-azure-rulesets": "latest",
    "@typespec/http": "latest",
    "@typespec/openapi": "latest",
    "@typespec/rest": "latest",
    "@typespec/versioning": "latest"
  },
  "private": true
}