emit:
  - "@azure-tools/typespec-autorest"
options:
  "@azure-tools/typespec-autorest":
    use-read-only-status-schema: true
    azure-resource-provider-folder: "resource-manager"
    output-file: "{azure-resource-provider-folder}/{service-name}/{version-status}/{version}/openapi.json"
linter:
  extends:
    - "@azure-tools/typespec-azure-rulesets/resource-manager"
